== grade Sat Oct 10 01:25:25 UTC 2026 ==
nothing to grade

=== Record ===
== board Sat Oct 10 01:25:25 UTC 2026 ==
#  player                  tm   opp  G   SOG/g    sh%   toi   P(G)   fair   P2+   P3+
1  K. Connor               WPG  ANA  F    3.93  0.138  21.2  0.499   +100  0.83 0.638
2  C. Gauthier             ANA  WPG  F    4.33  0.122  17.0  0.436   +129 0.864 0.691
3  D. Larkin               DET  SEA  F     3.5   0.12  19.9  0.422   +137 0.786 0.573
4  A. DeBrincat            DET  SEA  F     3.5  0.121  19.6  0.413   +142 0.786 0.573
5  R. Rakell               PIT  CBJ  F    3.29  0.137  19.0  0.379   +164 0.761 0.539
6  B. McMann               SEA  DET  F    3.56  0.115  17.7  0.363   +176 0.793 0.583
7  L. Carlsson             ANA  WPG  F    3.07  0.105  19.5  0.353   +183 0.733 0.503
8  M. Granlund             ANA  WPG  F    2.21  0.122  20.8  0.324   +209 0.595 0.346
9  A. Tuch                 WSH  NYR  F    2.85  0.109  19.5  0.322   +211 0.701 0.464
10 M. Zibanejad            NYR  WSH  F     2.5  0.104  20.6  0.314   +219 0.647 0.401
11 M. Scheifele            WPG  ANA  F    2.07  0.115  21.1  0.308   +225 0.566 0.318
12 E. Malkin               PIT  CBJ  F    2.78   0.12  18.0  0.306   +227 0.691 0.452
13 A. Ovechkin             WSH  NYR  F    3.23  0.113  16.4  0.305   +227 0.754  0.53
14 A. Lafrenière           NYR  WSH  F    2.29  0.129  18.8    0.3   +234 0.609  0.36
15 B. Sennecke             ANA  WPG  F    2.71  0.101  17.4  0.287   +248 0.681  0.44
16 L. Raymond              DET  SEA  F    2.36  0.098  19.2  0.285   +251 0.622 0.374
17 P. Dorofeyev            NYR  WSH  F    2.69  0.096  17.9  0.283   +253 0.678 0.436
18 A. Fantilli             CBJ  PIT  F    2.15  0.102  19.6  0.281   +256 0.584 0.335
19 V. Arvidsson            DET  SEA  F    2.46  0.136  15.3  0.275   +264  0.64 0.394
20 T. Wilson               WSH  NYR  F    1.92  0.128  18.6  0.259   +286 0.537 0.289
21 B. Rust                 PIT  CBJ  F     2.0  0.117  19.0  0.257   +289 0.553 0.305
22 J. Miller               NYR  WSH  F     2.0  0.109  18.4  0.248   +304 0.553 0.305
23 S. Crosby               PIT  CBJ  F     2.5  0.085  17.6  0.245   +308 0.647 0.401
24 C. Perfetti             WPG  ANA  F    1.73  0.127  17.1  0.241   +315 0.495 0.252
25 M. Samoskevich          SEA  DET  F     2.0  0.141  15.6  0.238   +320 0.553 0.305
26 E. Chinakhov            PIT  CBJ  F    2.14  0.115  16.5  0.232   +330 0.582 0.333
27 R. Leonard              WSH  NYR  F    2.54   0.12  14.3   0.23   +334 0.653 0.408
28 J. McCann               SEA  DET  F    2.27  0.104  15.6  0.228   +338 0.606 0.358
29 C. Coyle                CBJ  PIT  F    1.31  0.111  18.7  0.226   +343 0.391 0.167
30 J. Eberle               SEA  DET  F    1.44  0.122  17.9  0.224   +346 0.424 0.193

130 players, 4 games -> docs/index.html
